------------------------------------------------------------
TimeQuest Timing Analyzer Summary
------------------------------------------------------------

Type  : Slow 1200mV 85C Model Setup 'inst6|altpll_component|auto_generated|pll1|clk[0]'
Slack : -1.203
TNS   : -3.341

Type  : Slow 1200mV 85C Model Setup 'inst6|altpll_component|auto_generated|pll1|clk[1]'
Slack : 34.374
TNS   : 0.000

Type  : Slow 1200mV 85C Model Hold 'inst6|altpll_component|auto_generated|pll1|clk[0]'
Slack : 0.289
TNS   : 0.000

Type  : Slow 1200mV 85C Model Hold 'inst6|altpll_component|auto_generated|pll1|clk[1]'
Slack : 0.358
TNS   : 0.000

Type  : Slow 1200mV 85C Model Recovery 'inst6|altpll_component|auto_generated|pll1|clk[0]'
Slack : 5.008
TNS   : 0.000

Type  : Slow 1200mV 85C Model Removal 'inst6|altpll_component|auto_generated|pll1|clk[0]'
Slack : 1.159
TNS   : 0.000

Type  : Slow 1200mV 85C Model Minimum Pulse Width 'inst6|altpll_component|auto_generated|pll1|clk[0]'
Slack : 4.102
TNS   : 0.000

Type  : Slow 1200mV 85C Model Minimum Pulse Width 'CLOCK_50'
Slack : 9.835
TNS   : 0.000

Type  : Slow 1200mV 85C Model Minimum Pulse Width 'inst6|altpll_component|auto_generated|pll1|clk[1]'
Slack : 19.588
TNS   : 0.000

Type  : Slow 1200mV 0C Model Setup 'inst6|altpll_component|auto_generated|pll1|clk[0]'
Slack : -0.300
TNS   : -0.652

Type  : Slow 1200mV 0C Model Setup 'inst6|altpll_component|auto_generated|pll1|clk[1]'
Slack : 34.858
TNS   : 0.000

Type  : Slow 1200mV 0C Model Hold 'inst6|altpll_component|auto_generated|pll1|clk[0]'
Slack : 0.286
TNS   : 0.000

Type  : Slow 1200mV 0C Model Hold 'inst6|altpll_component|auto_generated|pll1|clk[1]'
Slack : 0.312
TNS   : 0.000

Type  : Slow 1200mV 0C Model Recovery 'inst6|altpll_component|auto_generated|pll1|clk[0]'
Slack : 5.374
TNS   : 0.000

Type  : Slow 1200mV 0C Model Removal 'inst6|altpll_component|auto_generated|pll1|clk[0]'
Slack : 1.052
TNS   : 0.000

Type  : Slow 1200mV 0C Model Minimum Pulse Width 'inst6|altpll_component|auto_generated|pll1|clk[0]'
Slack : 4.108
TNS   : 0.000

Type  : Slow 1200mV 0C Model Minimum Pulse Width 'CLOCK_50'
Slack : 9.818
TNS   : 0.000

Type  : Slow 1200mV 0C Model Minimum Pulse Width 'inst6|altpll_component|auto_generated|pll1|clk[1]'
Slack : 19.586
TNS   : 0.000

Type  : Fast 1200mV 0C Model Setup 'inst6|altpll_component|auto_generated|pll1|clk[0]'
Slack : 1.884
TNS   : 0.000

Type  : Fast 1200mV 0C Model Setup 'inst6|altpll_component|auto_generated|pll1|clk[1]'
Slack : 36.852
TNS   : 0.000

Type  : Fast 1200mV 0C Model Hold 'inst6|altpll_component|auto_generated|pll1|clk[0]'
Slack : 0.137
TNS   : 0.000

Type  : Fast 1200mV 0C Model Hold 'inst6|altpll_component|auto_generated|pll1|clk[1]'
Slack : 0.187
TNS   : 0.000

Type  : Fast 1200mV 0C Model Recovery 'inst6|altpll_component|auto_generated|pll1|clk[0]'
Slack : 6.560
TNS   : 0.000

Type  : Fast 1200mV 0C Model Removal 'inst6|altpll_component|auto_generated|pll1|clk[0]'
Slack : 0.620
TNS   : 0.000

Type  : Fast 1200mV 0C Model Minimum Pulse Width 'inst6|altpll_component|auto_generated|pll1|clk[0]'
Slack : 4.114
TNS   : 0.000

Type  : Fast 1200mV 0C Model Minimum Pulse Width 'CLOCK_50'
Slack : 9.587
TNS   : 0.000

Type  : Fast 1200mV 0C Model Minimum Pulse Width 'inst6|altpll_component|auto_generated|pll1|clk[1]'
Slack : 19.597
TNS   : 0.000

------------------------------------------------------------
